SQL> @ORACLE/SEQUENCES/SEQ_ALL.sql

Sequence created.


Sequence created.


Sequence created.


Sequence created.

SQL> @ORACLE/TABLES/TBL_AWARD.sql

Table altered.

SQL> @ORACLE/TABLES/TBL_AWARD_CUSTOM_DATA.sql

Table altered.

SQL> @ORACLE/TABLES/TBL_AWARD_NOTEPAD.sql

Table altered.


3 rows updated.


Commit complete.


Table altered.

SQL> @ORACLE/TABLES/TBL_AWARD_SYNC_CHANGE.sql

Table created.


Table altered.

SQL> @ORACLE/TABLES/TBL_AWARD_SYNC_LOG.sql

Table created.


Table altered.

SQL> @ORACLE/TABLES/TBL_AWARD_SYNC_STATUS.sql

Table created.


Table altered.

SQL> @ORACLE/TABLES/TBL_BUDGET_MODS.sql

Table altered.


Table altered.


Table altered.


Table altered.


Table altered.


Table altered.


Table altered.


Table altered.


Table altered.


Table altered.


Table altered.


Table altered.


Table altered.


Table altered.


Table altered.


Table altered.


Table altered.


Table altered.


Table altered.


Table altered.


Table altered.


Table altered.


Table altered.


Table altered.


Table altered.


Table altered.


Table altered.


Table altered.


Table altered.


Table altered.


Table altered.

SQL> @ORACLE/TABLES/TBL_BUDGET_SUB_AWARD_FILES.sql

Table altered.

SQL> @ORACLE/TABLES/TBL_BUDGET_SUB_AWARDS.sql

Table altered.

SQL> @ORACLE/TABLES/TBL_CITIZENSHIP_TYPE_T.sql

Table created.


Table altered.

SQL> @ORACLE/TABLES/TBL_EPS_PROP_EXEMPT_NUMBER.sql

Table altered.


Table altered.

ALTER TABLE EPS_PROP_EXEMPT_NUMBER
            *
ERROR at line 1:
ORA-01758: table must be empty to add mandatory (NOT NULL) column 



Sequence created.


Table altered.


Table altered.


Sequence created.


2818 rows updated.

SET PROPOSAL_EXEMPT_NUMBER_ID = SEQ_EPS_PROP_EXEMPT_NUMBER_ID.NEXTVAL
    *
ERROR at line 2:
ORA-00904: "PROPOSAL_EXEMPT_NUMBER_ID": invalid identifier 


SET (PROPOSAL_SPECIAL_REVIEW_ID) =
     *
ERROR at line 2:
ORA-00904: "PROPOSAL_SPECIAL_REVIEW_ID": invalid identifier 



Table altered.

ALTER TABLE EPS_PROP_SPECIAL_REVIEW
*
ERROR at line 1:
ORA-00955: name is already used by an existing object 


ADD CONSTRAINT EPS_PROP_EXEMPT_NUMBERP1 PRIMARY KEY (PROPOSAL_EXEMPT_NUMBER_ID)
                                                     *
ERROR at line 2:
ORA-00904: "PROPOSAL_EXEMPT_NUMBER_ID": invalid identifier 


ADD CONSTRAINT FK_EPS_PROP_SPECIAL_REVIEW FOREIGN KEY (PROPOSAL_SPECIAL_REVIEW_ID)
                                                       *
ERROR at line 2:
ORA-00904: "PROPOSAL_SPECIAL_REVIEW_ID": invalid identifier 



Table altered.


Table altered.

SQL> @ORACLE/TABLES/TBL_EPS_PROP_CONG_DISTRICT.sql

Table altered.


6346 rows updated.


Table altered.


Commit complete.

SQL> @ORACLE/TABLES/TBL_EPS_PROP_PERSON_BIO.sql

Table altered.

SQL> @ORACLE/TABLES/TBL_LOCATION_TYPE.sql

Table altered.


4 rows updated.


Table altered.


Commit complete.

SQL> @ORACLE/TABLES/TBL_NARRATIVE.sql

Table altered.

SQL> @ORACLE/TABLES/TBL_OBJ_ID_NOT_NULL.sql
Error: ORA-00942: table or view does not exist trying to modifying table:       
OSP$AWARD_AMOUNT_INFO                                                           
Error: ORA-00942: table or view does not exist trying to modifying table:       
OSP$YNQ_EXPLANATION_TYPE                                                        
Error: ORA-00942: table or view does not exist trying to modifying table:       
OSP$UNIT_ADMINISTRATOR_TYPE                                                     
Error: ORA-04063: view "KRAOWNER.OSP$BUDGET_DETAILS_CAL_AMOUNTS" has errors     
trying to modifying table: OSP$BUDGET_DETAILS_CAL_AMOUNTS                       
Error: ORA-00942: table or view does not exist trying to modifying table:       
OSP$PERSON_EDITABLE_FIELDS                                                      

PL/SQL procedure successfully completed.

SQL> @ORACLE/TABLES/TBL_PENDING_TRANSACTIONS.sql

Table altered.

SQL> @ORACLE/TABLES/TBL_PERSON_EXT_T.sql

Table altered.


59 rows updated.


Commit complete.


Table altered.

ALTER TABLE "PERSON_EXT_T" MODIFY ( "CITIZENSHIP_TYPE_CODE" NUMBER(15,5) NOT NULL )
*
ERROR at line 1:
ORA-02296: cannot enable (KRAOWNER.) - null values found 


SQL> @ORACLE/TABLES/TBL_PROPOSAL_CUSTOM_DATA.sql

Table altered.

SQL> @ORACLE/TABLES/TBL_PROPOSAL_SPECIAL_REVIEW.sql

Table altered.


Table altered.

SQL> @ORACLE/TABLES/TBL_PROTOCOL_ACTIONS.sql

Table altered.

SQL> @ORACLE/TABLES/TBL_PROTOCOL_PERSON_ROLES.sql

Table altered.


5 rows updated.


Commit complete.


Table altered.

SQL> @ORACLE/TABLES/TBL_QUESTIONNAIRE.sql

Table altered.

SQL> @ORACLE/TABLES/TBL_S2S_FORM_TO_QUESTIONNAIRE.sql

Table created.


Table altered.


Table altered.

SQL> @ORACLE/TABLES/TBL_SPECIAL_REVIEW_USAGE.sql

Table created.


Table altered.

SQL> @ORACLE/TABLES/TBL_TRAINING_STIPEND_RATES.sql

Table created.


Table altered.

SQL> @ORACLE/TABLES/TBL_TRANSACTION_DETAILS.sql

Table altered.

SQL> @ORACLE/TABLES/TBL_VALID_NARR_FORMS.sql

Table altered.


261 rows updated.


Table altered.


Commit complete.

SQL> @ORACLE/TABLES/TBL_VALID_PROTO_ACTION_ACTION.sql

Table created.


Table altered.

SQL> @ORACLE/TABLES/TBL_VALID_SP_REV_APPROVAL.sql

Table altered.


Table altered.


0 rows updated.


Commit complete.


Table altered.

ALTER TABLE VALID_SP_REV_APPROVAL
*
ERROR at line 1:
ORA-00955: name is already used by an existing object 


SQL> @ORACLE/DML/DML_BS1_CITIZENSHIP_TYPE_T.sql

1 row created.


1 row created.


1 row created.


Commit complete.

SQL> @ORACLE/DML/DML_BS1_CONTACT_TYPE.sql

1 row created.


Commit complete.

SQL> @ORACLE/DML/DML_BS1_PROTO_CORRESP_TEMPL.sql

1 row updated.


PL/SQL procedure successfully completed.


PL/SQL procedure successfully completed.


PL/SQL procedure successfully completed.


1 row updated.


PL/SQL procedure successfully completed.


PL/SQL procedure successfully completed.


PL/SQL procedure successfully completed.


1 row deleted.


1 row deleted.


1 row created.


PL/SQL procedure successfully completed.


PL/SQL procedure successfully completed.


PL/SQL procedure successfully completed.


PL/SQL procedure successfully completed.


PL/SQL procedure successfully completed.


PL/SQL procedure successfully completed.


PL/SQL procedure successfully completed.


PL/SQL procedure successfully completed.


PL/SQL procedure successfully completed.


1 row created.


PL/SQL procedure successfully completed.


PL/SQL procedure successfully completed.


PL/SQL procedure successfully completed.


PL/SQL procedure successfully completed.


PL/SQL procedure successfully completed.


PL/SQL procedure successfully completed.


PL/SQL procedure successfully completed.


PL/SQL procedure successfully completed.


Commit complete.

SQL> @ORACLE/DML/DML_BS1_PROTOCOL_ACTION_TYPE.sql

1 row created.

SQL> @ORACLE/DML/DML_BS1_PROTOCOL_STATUS.sql

1 row created.

SQL> @ORACLE/DML/DML_BS1_SUBMISSION_TYPE.sql

1 row created.


Commit complete.

SQL> @ORACLE/DML/DML_BS2_COEUS_SUB_MODULE.sql

1 row created.


1 row created.


1 row created.


1 row created.


Commit complete.

SQL> @ORACLE/DML/DML_BS2_VALID_NARR_FORMS.sql

1 row updated.


1 row updated.


1 row updated.


1 row updated.


1 row updated.


1 row updated.


1 row updated.


1 row updated.


1 row updated.


1 row updated.


1 row updated.


1 row updated.


1 row updated.


1 row updated.


1 row updated.


Commit complete.

SQL> @ORACLE/DML/DML_BS2_VALID_PROTO_ACTION_ACTION.sql

1 row created.


1 row created.


1 row created.


1 row created.


1 row created.


1 row created.


Commit complete.

SQL> @ORACLE/DML/DML_BS5_NARRATIVE_TYPE.sql

1 row updated.


1 row created.


Commit complete.

SQL> @ORACLE/DML/DML_BS5_QUESTION.sql

1 row updated.


Commit complete.

SQL> @ORACLE/DML/DML_BS5_SPECIAL_REVIEW_USAGE.sql

1 row created.


1 row created.


1 row created.


1 row created.


1 row created.


1 row created.


1 row created.


1 row created.


1 row created.


1 row created.


1 row created.


1 row created.


1 row created.


1 row created.


1 row created.


1 row created.


1 row created.


1 row created.


1 row created.


1 row created.


1 row created.


1 row created.


1 row created.


1 row created.


1 row created.


1 row created.


1 row created.


1 row created.


1 row created.


1 row created.


1 row created.


1 row created.


1 row created.


1 row created.


1 row created.


1 row created.


1 row created.


1 row created.


1 row created.


1 row created.


1 row created.


1 row created.


1 row created.


1 row created.


1 row created.


1 row created.


1 row created.


1 row created.


Commit complete.

SQL> @ORACLE/DML/DML_BS5_TRAINING_STIPEND_RATES.sql

1 row created.


1 row created.


1 row created.


1 row created.


1 row created.


1 row created.


1 row created.


1 row created.


1 row created.


1 row created.


1 row created.


1 row created.


1 row created.


1 row created.


1 row created.


1 row created.


1 row created.


1 row created.


1 row created.


1 row created.


1 row created.


1 row created.


1 row created.


1 row created.


1 row created.


1 row created.


1 row created.


1 row created.


1 row created.


Commit complete.

SQL> @ORACLE/DML/DML_BS6_ARG_VALUE_LOOKUP.sql

1 row created.


1 row created.


1 row created.


1 row created.


1 row created.


1 row created.


1 row created.


1 row created.


1 row created.


1 row created.


1 row created.


1 row created.


1 row created.


1 row created.


1 row created.


1 row created.


1 row created.


1 row created.


1 row created.


1 row created.


1 row created.


1 row created.


1 row created.


1 row created.


1 row created.


1 row created.


1 row created.


1 row created.


1 row created.


1 row created.


1 row created.


1 row created.


1 row created.


1 row created.


1 row created.


1 row created.


1 row created.


1 row created.


1 row created.


1 row created.


1 row created.


1 row created.


1 row created.


1 row created.


1 row created.


1 row created.


1 row created.


1 row created.


1 row created.


1 row created.


1 row created.


1 row created.


1 row created.


1 row created.


1 row created.


1 row created.


1 row created.


1 row created.


1 row created.


1 row created.


1 row created.


1 row created.


1 row created.


1 row created.


1 row created.


1 row created.


1 row created.


1 row created.


1 row created.


1 row created.


1 row created.


1 row created.


1 row created.


1 row created.


1 row created.


1 row created.


1 row created.


1 row created.


1 row created.


1 row created.


1 row created.


1 row created.


1 row created.


1 row created.


1 row created.


1 row created.


1 row created.


1 row created.


1 row created.


1 row created.


1 row created.


1 row created.


1 row created.


1 row created.


1 row created.


1 row created.


1 row created.


1 row created.


1 row created.


1 row created.


1 row created.


1 row created.


1 row created.


1 row created.


1 row created.


1 row created.


1 row created.


1 row created.


1 row created.


1 row created.


1 row created.


1 row created.


1 row created.


1 row created.


1 row created.


1 row created.


1 row created.


1 row created.


1 row created.


1 row created.


1 row created.


1 row created.


1 row created.


1 row created.


1 row created.


1 row created.


1 row created.


1 row created.


1 row created.


1 row created.


1 row created.


1 row created.


1 row created.


1 row created.


1 row created.


1 row created.


1 row created.


1 row created.


1 row created.


1 row created.


1 row created.


1 row created.


1 row created.


1 row created.


1 row created.


1 row created.


1 row created.


1 row created.


1 row created.


1 row created.


1 row created.


1 row created.


1 row created.


1 row created.


1 row created.


1 row created.


1 row created.


1 row created.


1 row created.


1 row created.


1 row created.


1 row created.


1 row created.


1 row created.


1 row created.


1 row created.


1 row created.


1 row created.


1 row created.


1 row created.


1 row created.


1 row created.


1 row created.


1 row created.


1 row created.


1 row created.


1 row created.


1 row created.


1 row created.


1 row created.


1 row created.


1 row created.


1 row created.


1 row created.


1 row created.


1 row created.


1 row created.


1 row created.


1 row created.


1 row created.


1 row created.


1 row created.


1 row created.


1 row created.


1 row created.


1 row created.


1 row created.


1 row created.


1 row created.


1 row created.


1 row created.


1 row created.


1 row created.


1 row created.


1 row created.


1 row created.


1 row created.


1 row created.


1 row created.


1 row created.


1 row created.


1 row created.


1 row created.


Commit complete.

SQL> @ORACLE/DML/DML_BS6_PROTO_CORRESP_TYPE.sql

1 row created.


Commit complete.

SQL> @ORACLE/DML/DML_BS6_VALID_NARR_FORMS.sql

1 row created.


1 row created.


1 row created.


1 row created.


1 row created.


1 row created.


1 row created.


1 row created.


1 row created.


1 row created.


1 row created.


1 row created.


1 row created.


1 row created.


1 row created.


1 row created.


1 row created.


1 row created.


1 row created.


1 row created.


1 row created.


Commit complete.

SQL> @ORACLE/DML/DML_BS7_PROTO_CORRESP_TEMPL.sql

1 row created.


Commit complete.

SQL> @ORACLE/DML/DML_BS7_VALID_NARR_FORMS.sql
insert into VALID_NARR_FORMS (VALID_NARR_FORMS_ID,FORM_NAME,NARRATIVE_TYPE_CODE,MANDATORY,UPDATE_TIMESTAMP,UPDATE_USER,OBJ_ID) values (SEQ_VALID_NARR_FORMS_ID.nextVal,'PHS398_CareerDevelopmentAwardSup_1_2-V1.2',62,'N',sysdate,'admin',sys_guid())
*
ERROR at line 1:
ORA-00001: unique constraint (KRAOWNER.PK_VALID_NARR_FORMS) violated 


insert into VALID_NARR_FORMS (VALID_NARR_FORMS_ID,FORM_NAME,NARRATIVE_TYPE_CODE,MANDATORY,UPDATE_TIMESTAMP,UPDATE_USER,OBJ_ID) values (SEQ_VALID_NARR_FORMS_ID.nextVal,'PHS398_CareerDevelopmentAwardSup_1_2-V1.2',63,'N',sysdate,'admin',sys_guid())
*
ERROR at line 1:
ORA-00001: unique constraint (KRAOWNER.PK_VALID_NARR_FORMS) violated 


insert into VALID_NARR_FORMS (VALID_NARR_FORMS_ID,FORM_NAME,NARRATIVE_TYPE_CODE,MANDATORY,UPDATE_TIMESTAMP,UPDATE_USER,OBJ_ID) values (SEQ_VALID_NARR_FORMS_ID.nextVal,'PHS398_CareerDevelopmentAwardSup_1_2-V1.2',64,'N',sysdate,'admin',sys_guid())
*
ERROR at line 1:
ORA-00001: unique constraint (KRAOWNER.PK_VALID_NARR_FORMS) violated 


insert into VALID_NARR_FORMS (VALID_NARR_FORMS_ID,FORM_NAME,NARRATIVE_TYPE_CODE,MANDATORY,UPDATE_TIMESTAMP,UPDATE_USER,OBJ_ID) values (SEQ_VALID_NARR_FORMS_ID.nextVal,'PHS398_CareerDevelopmentAwardSup_1_2-V1.2',65,'N',sysdate,'admin',sys_guid())
*
ERROR at line 1:
ORA-00001: unique constraint (KRAOWNER.PK_VALID_NARR_FORMS) violated 


insert into VALID_NARR_FORMS (VALID_NARR_FORMS_ID,FORM_NAME,NARRATIVE_TYPE_CODE,MANDATORY,UPDATE_TIMESTAMP,UPDATE_USER,OBJ_ID) values (SEQ_VALID_NARR_FORMS_ID.nextVal,'PHS398_CareerDevelopmentAwardSup_1_2-V1.2',66,'N',sysdate,'admin',sys_guid())
*
ERROR at line 1:
ORA-00001: unique constraint (KRAOWNER.PK_VALID_NARR_FORMS) violated 


insert into VALID_NARR_FORMS (VALID_NARR_FORMS_ID,FORM_NAME,NARRATIVE_TYPE_CODE,MANDATORY,UPDATE_TIMESTAMP,UPDATE_USER,OBJ_ID) values (SEQ_VALID_NARR_FORMS_ID.nextVal,'PHS398_CareerDevelopmentAwardSup_1_2-V1.2',75,'N',sysdate,'admin',sys_guid())
*
ERROR at line 1:
ORA-00001: unique constraint (KRAOWNER.PK_VALID_NARR_FORMS) violated 


insert into VALID_NARR_FORMS (VALID_NARR_FORMS_ID,FORM_NAME,NARRATIVE_TYPE_CODE,MANDATORY,UPDATE_TIMESTAMP,UPDATE_USER,OBJ_ID) values (SEQ_VALID_NARR_FORMS_ID.nextVal,'PHS398_CareerDevelopmentAwardSup_1_2-V1.2',76,'N',sysdate,'admin',sys_guid())
*
ERROR at line 1:
ORA-00001: unique constraint (KRAOWNER.PK_VALID_NARR_FORMS) violated 


insert into VALID_NARR_FORMS (VALID_NARR_FORMS_ID,FORM_NAME,NARRATIVE_TYPE_CODE,MANDATORY,UPDATE_TIMESTAMP,UPDATE_USER,OBJ_ID) values (SEQ_VALID_NARR_FORMS_ID.nextVal,'PHS398_CareerDevelopmentAwardSup_1_2-V1.2',77,'N',sysdate,'admin',sys_guid())
*
ERROR at line 1:
ORA-00001: unique constraint (KRAOWNER.PK_VALID_NARR_FORMS) violated 


insert into VALID_NARR_FORMS (VALID_NARR_FORMS_ID,FORM_NAME,NARRATIVE_TYPE_CODE,MANDATORY,UPDATE_TIMESTAMP,UPDATE_USER,OBJ_ID) values (SEQ_VALID_NARR_FORMS_ID.nextVal,'PHS398_CareerDevelopmentAwardSup_1_2-V1.2',78,'N',sysdate,'admin',sys_guid())
*
ERROR at line 1:
ORA-00001: unique constraint (KRAOWNER.PK_VALID_NARR_FORMS) violated 


insert into VALID_NARR_FORMS (VALID_NARR_FORMS_ID,FORM_NAME,NARRATIVE_TYPE_CODE,MANDATORY,UPDATE_TIMESTAMP,UPDATE_USER,OBJ_ID) values (SEQ_VALID_NARR_FORMS_ID.nextVal,'PHS398_CareerDevelopmentAwardSup_1_2-V1.2',79,'N',sysdate,'admin',sys_guid())
*
ERROR at line 1:
ORA-00001: unique constraint (KRAOWNER.PK_VALID_NARR_FORMS) violated 


insert into VALID_NARR_FORMS (VALID_NARR_FORMS_ID,FORM_NAME,NARRATIVE_TYPE_CODE,MANDATORY,UPDATE_TIMESTAMP,UPDATE_USER,OBJ_ID) values (SEQ_VALID_NARR_FORMS_ID.nextVal,'PHS398_CareerDevelopmentAwardSup_1_2-V1.2',80,'N',sysdate,'admin',sys_guid())
*
ERROR at line 1:
ORA-00001: unique constraint (KRAOWNER.PK_VALID_NARR_FORMS) violated 


insert into VALID_NARR_FORMS (VALID_NARR_FORMS_ID,FORM_NAME,NARRATIVE_TYPE_CODE,MANDATORY,UPDATE_TIMESTAMP,UPDATE_USER,OBJ_ID) values (SEQ_VALID_NARR_FORMS_ID.nextVal,'PHS398_CareerDevelopmentAwardSup_1_2-V1.2',81,'N',sysdate,'admin',sys_guid())
*
ERROR at line 1:
ORA-00001: unique constraint (KRAOWNER.PK_VALID_NARR_FORMS) violated 


insert into VALID_NARR_FORMS (VALID_NARR_FORMS_ID,FORM_NAME,NARRATIVE_TYPE_CODE,MANDATORY,UPDATE_TIMESTAMP,UPDATE_USER,OBJ_ID) values (SEQ_VALID_NARR_FORMS_ID.nextVal,'PHS398_CareerDevelopmentAwardSup_1_2-V1.2',83,'N',sysdate,'admin',sys_guid())
*
ERROR at line 1:
ORA-00001: unique constraint (KRAOWNER.PK_VALID_NARR_FORMS) violated 


insert into VALID_NARR_FORMS (VALID_NARR_FORMS_ID,FORM_NAME,NARRATIVE_TYPE_CODE,MANDATORY,UPDATE_TIMESTAMP,UPDATE_USER,OBJ_ID) values (SEQ_VALID_NARR_FORMS_ID.nextVal,'PHS398_CareerDevelopmentAwardSup_1_2-V1.2',84,'N',sysdate,'admin',sys_guid())
*
ERROR at line 1:
ORA-00001: unique constraint (KRAOWNER.PK_VALID_NARR_FORMS) violated 


insert into VALID_NARR_FORMS (VALID_NARR_FORMS_ID,FORM_NAME,NARRATIVE_TYPE_CODE,MANDATORY,UPDATE_TIMESTAMP,UPDATE_USER,OBJ_ID) values (SEQ_VALID_NARR_FORMS_ID.nextVal,'PHS398_CareerDevelopmentAwardSup_1_2-V1.2',85,'N',sysdate,'admin',sys_guid())
*
ERROR at line 1:
ORA-00001: unique constraint (KRAOWNER.PK_VALID_NARR_FORMS) violated 


insert into VALID_NARR_FORMS (VALID_NARR_FORMS_ID,FORM_NAME,NARRATIVE_TYPE_CODE,MANDATORY,UPDATE_TIMESTAMP,UPDATE_USER,OBJ_ID) values (SEQ_VALID_NARR_FORMS_ID.nextVal,'PHS398_CareerDevelopmentAwardSup_1_2-V1.2',128,'N',sysdate,'admin',sys_guid())
*
ERROR at line 1:
ORA-00001: unique constraint (KRAOWNER.PK_VALID_NARR_FORMS) violated 


insert into VALID_NARR_FORMS (VALID_NARR_FORMS_ID,FORM_NAME,NARRATIVE_TYPE_CODE,MANDATORY,UPDATE_TIMESTAMP,UPDATE_USER,OBJ_ID) values (SEQ_VALID_NARR_FORMS_ID.nextVal,'PHS398_CareerDevelopmentAwardSup_1_2-V1.2',129,'N',sysdate,'admin',sys_guid())
*
ERROR at line 1:
ORA-00001: unique constraint (KRAOWNER.PK_VALID_NARR_FORMS) violated 


insert into VALID_NARR_FORMS (VALID_NARR_FORMS_ID,FORM_NAME,NARRATIVE_TYPE_CODE,MANDATORY,UPDATE_TIMESTAMP,UPDATE_USER,OBJ_ID) values (SEQ_VALID_NARR_FORMS_ID.nextVal,'PHS398_CareerDevelopmentAwardSup_1_2-V1.2',67,'N',sysdate,'admin',sys_guid())
*
ERROR at line 1:
ORA-00001: unique constraint (KRAOWNER.PK_VALID_NARR_FORMS) violated 


insert into VALID_NARR_FORMS (VALID_NARR_FORMS_ID,FORM_NAME,NARRATIVE_TYPE_CODE,MANDATORY,UPDATE_TIMESTAMP,UPDATE_USER,OBJ_ID) values (SEQ_VALID_NARR_FORMS_ID.nextVal,'PHS398_CareerDevelopmentAwardSup_1_2-V1.2',68,'N',sysdate,'admin',sys_guid())
*
ERROR at line 1:
ORA-00001: unique constraint (KRAOWNER.PK_VALID_NARR_FORMS) violated 


insert into VALID_NARR_FORMS (VALID_NARR_FORMS_ID,FORM_NAME,NARRATIVE_TYPE_CODE,MANDATORY,UPDATE_TIMESTAMP,UPDATE_USER,OBJ_ID) values (SEQ_VALID_NARR_FORMS_ID.nextVal,'PHS398_CareerDevelopmentAwardSup_1_2-V1.2',69,'N',sysdate,'admin',sys_guid())
*
ERROR at line 1:
ORA-00001: unique constraint (KRAOWNER.PK_VALID_NARR_FORMS) violated 


insert into VALID_NARR_FORMS (VALID_NARR_FORMS_ID,FORM_NAME,NARRATIVE_TYPE_CODE,MANDATORY,UPDATE_TIMESTAMP,UPDATE_USER,OBJ_ID) values (SEQ_VALID_NARR_FORMS_ID.nextVal,'PHS398_CareerDevelopmentAwardSup_1_2-V1.2',70,'N',sysdate,'admin',sys_guid())
*
ERROR at line 1:
ORA-00001: unique constraint (KRAOWNER.PK_VALID_NARR_FORMS) violated 



1 row created.


1 row created.


Commit complete.

SQL> @ORACLE/CONSTRAINTS/FK_SPECIAL_REVIEW_USAGE.sql
  ADD CONSTRAINT FK_SPECIAL_REVIEW_CODE FOREIGN KEY (SPECIAL_REVIEW_CODE)
                 *
ERROR at line 2:
ORA-02298: cannot validate (KRAOWNER.FK_SPECIAL_REVIEW_CODE) - parent keys not 
found 



Table altered.

SQL> @ORACLE/CONSTRAINTS/FK_VALID_PROTO_ACTION_ACTION.sql

Table altered.


Table altered.


Table altered.

SQL> @ORACLE/VIEWS/VEW_EPS_PROP_SPECIAL_REVIEW.sql

View created.

SQL> @ORACLE/VIEWS/VEW_PROPOSAL_SPECIAL_REVIEW.sql

View created.

SQL> @ORACLE/VIEWS/VEW_SPECIAL_REVIEW_USAGE.sql

View created.

SQL> @ORACLE/VIEWS/VEW_TRAINING_STIPEND_RATES.sql

View created.

SQL> commit;

Commit complete.

SQL> exit;
