SQL> @ORACLE/SEQUENCES/KC_SEQ_All.sql

Sequence created.


Sequence created.


Sequence created.

SQL> @ORACLE/TABLES/KC_TBL_AWARD_BUDGET_LIMIT.sql

Table altered.

SQL> @ORACLE/TABLES/KC_TBL_AWARD_BUDGET_PERIOD_EXT.sql

Table altered.

SQL> @ORACLE/TABLES/KC_TBL_AWARD_HIERARCHY.sql

Table altered.

SQL> @ORACLE/TABLES/KC_TBL_CFDA.sql

Table created.


Table altered.

SQL> @ORACLE/TABLES/KC_TBL_COMM_SCHEDULE.sql

Table altered.

SQL> @ORACLE/TABLES/KC_TBL_EPS_PROP_PERSON_EXT.sql

Table created.


Table altered.

SQL> @ORACLE/TABLES/KC_TBL_KC_QRTZ_BLOB_TRIGGERS.sql

Table created.

SQL> @ORACLE/TABLES/KC_TBL_KC_QRTZ_CALENDARS.sql

Table created.

SQL> @ORACLE/TABLES/KC_TBL_KC_QRTZ_CRON_TRIGGERS.sql

Table created.

SQL> @ORACLE/TABLES/KC_TBL_KC_QRTZ_FIRED_TRIGGERS.sql

Table created.

SQL> @ORACLE/TABLES/KC_TBL_KC_QRTZ_JOB_DETAILS.sql

Table created.

SQL> @ORACLE/TABLES/KC_TBL_KC_QRTZ_JOB_LISTENERS.sql

Table created.

SQL> @ORACLE/TABLES/KC_TBL_KC_QRTZ_LOCKS.sql

Table created.

SQL> @ORACLE/TABLES/KC_TBL_KC_QRTZ_PAUSED_TRIGGER_GRPS.sql

Table created.

SQL> @ORACLE/TABLES/KC_TBL_KC_QRTZ_SCHEDULER_STATE.sql

Table created.

SQL> @ORACLE/TABLES/KC_TBL_KC_QRTZ_SIMPLE_TRIGGERS.sql

Table created.

SQL> @ORACLE/TABLES/KC_TBL_KC_QRTZ_TRIGGERS.sql

Table created.

SQL> @ORACLE/TABLES/KC_TBL_KC_QRTZ_TRIGGER_LISTENERS.sql

Table created.

SQL> @ORACLE/TABLES/KC_TBL_NOTIFICATION.sql

Table created.


Table altered.

SQL> @ORACLE/TABLES/KC_TBL_NOTIFICATION_TYPE_RECIPIENT.sql

Table altered.


Table altered.

SQL> @ORACLE/TABLES/KC_TBL_PROTOCOL_ONLN_RVWS.sql

Table altered.


Table altered.


0 rows updated.


Table altered.


Table altered.

SQL> @ORACLE/TABLES/KC_TBL_SPECIAL_REVIEW_USAGE.sql

Table altered.

SQL> @ORACLE/TABLES/KC_TBL_SPONSOR_FORMS.sql

Table altered.

SQL> @ORACLE/TABLES/KC_TBL_SPONSOR_FORM_TEMPLATES.sql

Table altered.

SQL> @ORACLE/TABLES/KC_TBL_VALID_BASIS_METHOD_PMT.sql

Table altered.

SQL> @ORACLE/DML/KC_DML_BS1_BUDGET_CATEGORY_MAPPING.sql

1 row created.


1 row created.


1 row created.


1 row created.

SQL> @ORACLE/DML/KC_DML_BS1_BUDGET_PERSONS.sql

25 rows updated.

SQL> @ORACLE/DML/KC_DML_BS1_CITIZENSHIP_TYPE_T.sql

1 row created.

SQL> @ORACLE/DML/KC_DML_BS1_COEUS_SUB_MODULE.sql

1 row created.


Commit complete.

SQL> @ORACLE/DML/KC_DML_BS1_COMM_SCHEDULE.sql

0 rows updated.


Commit complete.

SQL> @ORACLE/DML/KC_DML_BS1_KC_QRTZ_LOCKS.sql

1 row created.


1 row created.


1 row created.


1 row created.


1 row created.

SQL> @ORACLE/DML/KC_DML_BS1_PERSON_APPOINTMENT.sql

1 row updated.

SQL> @ORACLE/DML/KC_DML_BS1_SPECIAL_REVIEW_USAGE.sql

48 rows updated.

SQL> @ORACLE/DML/KC_DML_BS1_TRAINING_STIPEND_RATES.sql

11 rows deleted.


1 row created.


1 row created.


1 row created.


1 row created.


1 row created.


1 row created.


1 row created.


1 row created.


1 row created.


1 row created.


1 row created.


1 row created.


1 row created.


1 row created.


1 row created.


1 row created.


1 row created.


1 row created.


1 row created.


1 row created.


1 row created.


1 row created.


Commit complete.

SQL> @ORACLE/DML/KC_DML_BS2_APPOINTMENT_TYPE.sql

1 row deleted.

SQL> @ORACLE/DML/KC_DML_BS2_BUDGET_CATEGORY_MAPS.sql

1 row created.


1 row created.


1 row created.


1 row created.

SQL> @ORACLE/DML/KC_DML_BS2_NOTIFICATION_TYPE.sql

1 row created.

SQL> @ORACLE/DML/KC_DML_BS2_SPONSOR_FORMS.sql

8 rows updated.


58 rows updated.


Table altered.


Table altered.

ALTER TABLE SPONSOR_FORM_TEMPLATES ADD CONSTRAINT SPONSOR_FORM_TEMPLATESP1 PRIMARY KEY (SPONSOR_FORM_TEMPLATE_ID)
*
ERROR at line 1:
ORA-00955: name is already used by an existing object 



Table altered.

ALTER TABLE SPONSOR_FORMS ADD CONSTRAINT SPONSOR_FORMSP1 PRIMARY KEY (SPONSOR_FORM_ID)
*
ERROR at line 1:
ORA-00955: name is already used by an existing object 



Table altered.


58 rows updated.

ALTER TABLE SPONSOR_FORM_TEMPLATES ADD CONSTRAINT FK_SPONSOR_FORM_TEMPLATES FOREIGN KEY (SPONSOR_FORM_ID) REFERENCES SPONSOR_FORMS(SPONSOR_FORM_ID)
                                                                                                                                   *
ERROR at line 1:
ORA-02270: no matching unique or primary key for this column-list 



Table altered.


Table altered.

SQL> @ORACLE/DML/KC_DML_BS3_EPS_PROP_PER_DOC_TYPE.sql

1 row updated.


1 row updated.

SQL> @ORACLE/DML/KC_DML_BS3_NOTIFICATION_TYPE_RECIPIENT.sql

1 row created.


1 row created.

SQL> @ORACLE/CONSTRAINTS/KC_FK_EPS_PROP_PERSON_EXT.sql

Table altered.

SQL> @ORACLE/CONSTRAINTS/KC_FK_KC_QRTZ_BLOB_TRIGGERS.sql

Table altered.

SQL> @ORACLE/CONSTRAINTS/KC_FK_KC_QRTZ_CRON_TRIGGERS.sql

Table altered.

SQL> @ORACLE/CONSTRAINTS/KC_FK_KC_QRTZ_JOB_LISTENERS.sql

Table altered.

SQL> @ORACLE/CONSTRAINTS/KC_FK_KC_QRTZ_SIMPLE_TRIGGERS.sql

Table altered.

SQL> @ORACLE/CONSTRAINTS/KC_FK_KC_QRTZ_TRIGGERS.sql

Table altered.

SQL> @ORACLE/CONSTRAINTS/KC_FK_KC_QRTZ_TRIGGER_LISTENERS.sql

Table altered.

SQL> @ORACLE/CONSTRAINTS/KC_FK_NOTIFICATION.sql

Table altered.

SQL> @ORACLE/CONSTRAINTS/KC_IX_KC_QRTZ_FIRED_TRIGGERS.sql

Index created.


Index created.


Index created.


Index created.


Index created.


Index created.


Index created.


Index created.


Index created.

SQL> @ORACLE/CONSTRAINTS/KC_IX_KC_QRTZ_JOB_DETAILS.sql

Index created.

SQL> @ORACLE/CONSTRAINTS/KC_IX_KC_QRTZ_TRIGGERS.sql

Index created.


Index created.


Index created.


Index created.

SQL> @ORACLE/CONSTRAINTS/KC_UQ_WATERMARK.sql

Table altered.

SQL> commit;

Commit complete.

SQL> exit
