SQL> @ORACLE/DML/DML_BS_OBJ_ID_CLEAN.sql

0 rows updated.


1 row updated.


1 row updated.


0 rows updated.


0 rows updated.


0 rows updated.


0 rows updated.


0 rows updated.


Commit complete.

SQL> @ORACLE/DML/DML_BS1_KREN_PRODCR_T.sql

PL/SQL procedure successfully completed.

SQL> @ORACLE/DML/DML_BS2_KRNS_PARM_DTL_TYP_T.sql

9 rows updated.


5 rows updated.


3 rows updated.


Commit complete.

SQL> @ORACLE/DML/DML_BS2_KRNS_PARM_T.sql

1 row created.


1 row created.


1 row created.


302 rows updated.


13 rows updated.


1 row updated.


318 rows updated.


1 row updated.


Commit complete.

SQL> @ORACLE/DML/DML_BS3_KRIM_PERM_T.sql

1 row created.


1 row created.


1 row created.


1 row created.


Commit complete.

SQL> @ORACLE/DML/DML_BS4_KRIM_PERM_ATTR_DATA_T.sql

1 row created.


1 row created.


Commit complete.

SQL> @ORACLE/DML/DML_BS4_KRIM_ROLE_PERM_T.sql

1 row created.


1 row created.


1 row created.


1 row created.


1 row created.


Commit complete.

SQL> @ORACLE/DML/DML_BS5_KREW_RULE_RSP_T.sql

1 row updated.


1 row updated.


Commit complete.

SQL> @ORACLE/DML/DML_BS5_KREW_RULE_T.SQL.sql

1 row updated.


1 row updated.


1 row deleted.


Commit complete.

SQL> @ORACLE/DML/DML_BS5_KRIM_APP_ADMIN.sql

1 row deleted.


1 row updated.


1 row updated.


1 row created.


1 row created.


1 row created.


1 row created.


1 row created.


1 row created.


1 row created.


1 row created.


1 row created.


1 row created.


1 row created.


1 row created.


1 row created.


1 row created.


1 row created.


1 row created.


1 row created.


1 row created.


1 row created.


1 row created.

    (select PERM_ID from KRIM_PERM_T where NM='Modify Entity' and nmspc_cd = 'KR-SYS'), 'Y')
     *
ERROR at line 3:
ORA-01427: single-row subquery returns more than one row 



1 row created.


1 row created.


1 row created.


1 row created.


1 row created.


1 row created.


1 row created.

SQL> @ORACLE/DML/DML_BS5_KRIM_GROUP_MBR_T.sql

1 row created.

SQL> @ORACLE/DML/DML_BS7_KRNS_PARM_T.sql

1 row created.


1 row created.


1 row created.


1 row created.


1 row created.


1 row created.


1 row created.


1 row created.


1 row created.


Commit complete.

SQL> commit;

Commit complete.

SQL> exit;
